// Jest Snapshot v1, https://goo.gl/fbAQLP

exports[`Footer should match the snapshot after render 1`] = `
<DocumentFragment>
  <footer>
    <span
      class="logo"
    >
      <b>
        netflix
      </b>
      roulette
    </span>
  </footer>
</DocumentFragment>
`;
